// Vitest Snapshot v1

exports[`test webpages > 001: should support get all pages > search result 1`] = `
[
  {
    "annotateCount": 0,
    "content": null,
    "createTime": null,
    "ext": "mhtml",
    "firstAddTime": null,
    "id": "bcf1e35729685a87ce18733080eaf0f80fec0c81a5a4608ef5b3f0272a37851f",
    "labels": "[]",
    "liked": false,
    "link": "https://hamsterbase.com/docs/what-is-hamsterbase.html",
    "read": false,
    "title": [
      {
        "content": "What is ",
        "type": "text",
      },
      {
        "content": "HamsterBase",
        "type": "mark",
      },
      {
        "content": " | ",
        "type": "text",
      },
      {
        "content": "HamsterBase",
        "type": "mark",
      },
      {
        "content": "",
        "type": "text",
      },
    ],
  },
  {
    "annotateCount": 0,
    "content": null,
    "createTime": null,
    "ext": "webarchive",
    "firstAddTime": null,
    "id": "b03e82c2b622df1f039ecba4910f464becf5600b12425ea3d1f65d4c17d70d8d",
    "labels": "[]",
    "liked": false,
    "link": "https://github.com/hamsterbase/hamsterbase/issues",
    "read": false,
    "title": [
      {
        "content": "Issues · ",
        "type": "text",
      },
      {
        "content": "hamsterbase",
        "type": "mark",
      },
      {
        "content": "/",
        "type": "text",
      },
      {
        "content": "hamsterbase",
        "type": "mark",
      },
      {
        "content": " · GitHub",
        "type": "text",
      },
    ],
  },
  {
    "annotateCount": 0,
    "content": null,
    "createTime": null,
    "ext": "html",
    "firstAddTime": null,
    "id": "d4a1267d1f8a8eeb20d7b4b86a9d91839809e083ceb42366847ed5ed3a6cf254",
    "labels": "[]",
    "liked": false,
    "link": "https://github.com/hamsterbase/hamsterbase",
    "read": false,
    "title": [
      {
        "content": "GitHub - ",
        "type": "text",
      },
      {
        "content": "hamsterbase",
        "type": "mark",
      },
      {
        "content": "/",
        "type": "text",
      },
      {
        "content": "hamsterbase",
        "type": "mark",
      },
      {
        "content": ": self-hosted, local-first web archive application.",
        "type": "text",
      },
    ],
  },
]
`;
